// Jest Snapshot v1, https://goo.gl/fbAQLP

exports[`ScreenshotForm component displays correctly. 1`] = `
<section>
  <div
    className="screenshotform flex"
  >
    <input
      id="inputWebsite"
      name="inputWebsite"
      onChange={[MockFunction]}
      placeholder="Please enter a website"
      type="text"
    />
    <button
      disabled={[MockFunction]}
      onClick={[MockFunction]}
    />
  </div>
</section>
`;
