// Jest Snapshot v1, https://goo.gl/fbAQLP

exports[`ItemList component displays correctly. 1`] = `
<div
  className="itemlist"
>
  <article
    className="item"
  >
    <img
      alt="www.amazon.co.uk"
      height="225px"
      src=""
      width="300px"
    />
    <p>
      Web address:
    </p>
    <a
      href="www.amazon.co.uk"
      rel="noopener noreferrer"
      target="_blank"
    >
      <p>
        www.amazon.co.uk
      </p>
    </a>
  </article>
  <article
    className="item"
  >
    <img
      alt="www.twitter.com"
      height="225px"
      src=""
      width="300px"
    />
    <p>
      Web address:
    </p>
    <a
      href="www.twitter.com"
      rel="noopener noreferrer"
      target="_blank"
    >
      <p>
        www.twitter.com
      </p>
    </a>
  </article>
</div>
`;
