// Jest Snapshot v1, https://goo.gl/fbAQLP

exports[`ItemList component displays correctly. 1`] = `
<div
  className="itemlist"
>
  <article
    className="item"
  >
    <img
      alt="www.amazon.co.uk"
      height="300px"
      src=""
      width="400px"
    />
    <p>
      www.amazon.co.uk
    </p>
  </article>
  <article
    className="item"
  >
    <img
      alt="www.twitter.com"
      height="300px"
      src=""
      width="400px"
    />
    <p>
      www.twitter.com
    </p>
  </article>
</div>
`;
